// Jest Snapshot v1, https://goo.gl/fbAQLP

exports[`Index 1`] = `
<div>
  Hello, world!
</div>
`;
